Archive member included to satisfy reference by file (symbol)

M:/embedded/IDE/STM32CubeIDE_1.19.0/STM32CubeIDE/plugins/com.st.stm32cube.ide.mcu.externaltools.gnu-tools-for-stm32.13.3.rel1.win32_1.0.0.202411081344/tools/bin/../lib/gcc/arm-none-eabi/13.3.1/../../../../arm-none-eabi/lib/thumb/v6-m/nofp\libc_nano.a(libc_a-exit.o)
                              M:/embedded/IDE/STM32CubeIDE_1.19.0/STM32CubeIDE/plugins/com.st.stm32cube.ide.mcu.externaltools.gnu-tools-for-stm32.13.3.rel1.win32_1.0.0.202411081344/tools/bin/../lib/gcc/arm-none-eabi/13.3.1/../../../../arm-none-eabi/lib/thumb/v6-m/nofp/crt0.o (exit)
M:/embedded/IDE/STM32CubeIDE_1.19.0/STM32CubeIDE/plugins/com.st.stm32cube.ide.mcu.externaltools.gnu-tools-for-stm32.13.3.rel1.win32_1.0.0.202411081344/tools/bin/../lib/gcc/arm-none-eabi/13.3.1/../../../../arm-none-eabi/lib/thumb/v6-m/nofp\libc_nano.a(libc_a-findfp.o)
                              M:/embedded/IDE/STM32CubeIDE_1.19.0/STM32CubeIDE/plugins/com.st.stm32cube.ide.mcu.externaltools.gnu-tools-for-stm32.13.3.rel1.win32_1.0.0.202411081344/tools/bin/../lib/gcc/arm-none-eabi/13.3.1/../../../../arm-none-eabi/lib/thumb/v6-m/nofp\libc_nano.a(libc_a-exit.o) (__stdio_exit_handler)
M:/embedded/IDE/STM32CubeIDE_1.19.0/STM32CubeIDE/plugins/com.st.stm32cube.ide.mcu.externaltools.gnu-tools-for-stm32.13.3.rel1.win32_1.0.0.202411081344/tools/bin/../lib/gcc/arm-none-eabi/13.3.1/../../../../arm-none-eabi/lib/thumb/v6-m/nofp\libc_nano.a(libc_a-fwalk.o)
                              M:/embedded/IDE/STM32CubeIDE_1.19.0/STM32CubeIDE/plugins/com.st.stm32cube.ide.mcu.externaltools.gnu-tools-for-stm32.13.3.rel1.win32_1.0.0.202411081344/tools/bin/../lib/gcc/arm-none-eabi/13.3.1/../../../../arm-none-eabi/lib/thumb/v6-m/nofp\libc_nano.a(libc_a-findfp.o) (_fwalk_sglue)
M:/embedded/IDE/STM32CubeIDE_1.19.0/STM32CubeIDE/plugins/com.st.stm32cube.ide.mcu.externaltools.gnu-tools-for-stm32.13.3.rel1.win32_1.0.0.202411081344/tools/bin/../lib/gcc/arm-none-eabi/13.3.1/../../../../arm-none-eabi/lib/thumb/v6-m/nofp\libc_nano.a(libc_a-stdio.o)
                              M:/embedded/IDE/STM32CubeIDE_1.19.0/STM32CubeIDE/plugins/com.st.stm32cube.ide.mcu.externaltools.gnu-tools-for-stm32.13.3.rel1.win32_1.0.0.202411081344/tools/bin/../lib/gcc/arm-none-eabi/13.3.1/../../../../arm-none-eabi/lib/thumb/v6-m/nofp\libc_nano.a(libc_a-findfp.o) (__sread)
M:/embedded/IDE/STM32CubeIDE_1.19.0/STM32CubeIDE/plugins/com.st.stm32cube.ide.mcu.externaltools.gnu-tools-for-stm32.13.3.rel1.win32_1.0.0.202411081344/tools/bin/../lib/gcc/arm-none-eabi/13.3.1/../../../../arm-none-eabi/lib/thumb/v6-m/nofp\libc_nano.a(libc_a-memset.o)
                              M:/embedded/IDE/STM32CubeIDE_1.19.0/STM32CubeIDE/plugins/com.st.stm32cube.ide.mcu.externaltools.gnu-tools-for-stm32.13.3.rel1.win32_1.0.0.202411081344/tools/bin/../lib/gcc/arm-none-eabi/13.3.1/../../../../arm-none-eabi/lib/thumb/v6-m/nofp/crt0.o (memset)
M:/embedded/IDE/STM32CubeIDE_1.19.0/STM32CubeIDE/plugins/com.st.stm32cube.ide.mcu.externaltools.gnu-tools-for-stm32.13.3.rel1.win32_1.0.0.202411081344/tools/bin/../lib/gcc/arm-none-eabi/13.3.1/../../../../arm-none-eabi/lib/thumb/v6-m/nofp\libc_nano.a(libc_a-closer.o)
                              M:/embedded/IDE/STM32CubeIDE_1.19.0/STM32CubeIDE/plugins/com.st.stm32cube.ide.mcu.externaltools.gnu-tools-for-stm32.13.3.rel1.win32_1.0.0.202411081344/tools/bin/../lib/gcc/arm-none-eabi/13.3.1/../../../../arm-none-eabi/lib/thumb/v6-m/nofp\libc_nano.a(libc_a-stdio.o) (_close_r)
M:/embedded/IDE/STM32CubeIDE_1.19.0/STM32CubeIDE/plugins/com.st.stm32cube.ide.mcu.externaltools.gnu-tools-for-stm32.13.3.rel1.win32_1.0.0.202411081344/tools/bin/../lib/gcc/arm-none-eabi/13.3.1/../../../../arm-none-eabi/lib/thumb/v6-m/nofp\libc_nano.a(libc_a-reent.o)
                              M:/embedded/IDE/STM32CubeIDE_1.19.0/STM32CubeIDE/plugins/com.st.stm32cube.ide.mcu.externaltools.gnu-tools-for-stm32.13.3.rel1.win32_1.0.0.202411081344/tools/bin/../lib/gcc/arm-none-eabi/13.3.1/../../../../arm-none-eabi/lib/thumb/v6-m/nofp\libc_nano.a(libc_a-closer.o) (errno)
M:/embedded/IDE/STM32CubeIDE_1.19.0/STM32CubeIDE/plugins/com.st.stm32cube.ide.mcu.externaltools.gnu-tools-for-stm32.13.3.rel1.win32_1.0.0.202411081344/tools/bin/../lib/gcc/arm-none-eabi/13.3.1/../../../../arm-none-eabi/lib/thumb/v6-m/nofp\libc_nano.a(libc_a-impure.o)
                              M:/embedded/IDE/STM32CubeIDE_1.19.0/STM32CubeIDE/plugins/com.st.stm32cube.ide.mcu.externaltools.gnu-tools-for-stm32.13.3.rel1.win32_1.0.0.202411081344/tools/bin/../lib/gcc/arm-none-eabi/13.3.1/../../../../arm-none-eabi/lib/thumb/v6-m/nofp\libc_nano.a(libc_a-reent.o) (_impure_ptr)
M:/embedded/IDE/STM32CubeIDE_1.19.0/STM32CubeIDE/plugins/com.st.stm32cube.ide.mcu.externaltools.gnu-tools-for-stm32.13.3.rel1.win32_1.0.0.202411081344/tools/bin/../lib/gcc/arm-none-eabi/13.3.1/../../../../arm-none-eabi/lib/thumb/v6-m/nofp\libc_nano.a(libc_a-lseekr.o)
[...]
Memory Configuration

Name             Origin             Length             Attributes
RAM              0x20000000         0x00003000         xrw
FLASH            0x08000000         0x00008000         xr
*default*        0x00000000         0xffffffff

Linker script and memory map

LOAD M:/embedded/IDE/STM32CubeIDE_1.19.0/STM32CubeIDE/plugins/com.st.stm32cube.ide.mcu.externaltools.gnu-tools-for-stm32.13.3.rel1.win32_1.0.0.202411081344/tools/bin/../lib/gcc/arm-none-eabi/13.3.1/thumb/v6-m/nofp/crti.o
LOAD M:/embedded/IDE/STM32CubeIDE_1.19.0/STM32CubeIDE/plugins/com.st.stm32cube.ide.mcu.externaltools.gnu-tools-for-stm32.13.3.rel1.win32_1.0.0.202411081344/tools/bin/../lib/gcc/arm-none-eabi/13.3.1/thumb/v6-m/nofp/crtbegin.o
LOAD M:/embedded/IDE/STM32CubeIDE_1.19.0/STM32CubeIDE/plugins/com.st.stm32cube.ide.mcu.externaltools.gnu-tools-for-stm32.13.3.rel1.win32_1.0.0.202411081344/tools/bin/../lib/gcc/arm-none-eabi/13.3.1/../../../../arm-none-eabi/lib/thumb/v6-m/nofp/crt0.o
LOAD ./Src/adc.o
LOAD ./Src/adxl245.o
LOAD ./Src/i2c.o
LOAD ./Src/main.o
LOAD ./Src/spi.o
LOAD ./Src/syscalls.o
LOAD ./Src/sysmem.o
LOAD ./Src/systick.o
LOAD ./Src/timer.o
LOAD ./Src/uart.o
LOAD ./Startup/startup_stm32c031c6tx.o
START GROUP
LOAD M:/embedded/IDE/STM32CubeIDE_1.19.0/STM32CubeIDE/plugins/com.st.stm32cube.ide.mcu.externaltools.gnu-tools-for-stm32.13.3.rel1.win32_1.0.0.202411081344/tools/bin/../lib/gcc/arm-none-eabi/13.3.1/../../../../arm-none-eabi/lib/thumb/v6-m/nofp\libc_nano.a
LOAD M:/embedded/IDE/STM32CubeIDE_1.19.0/STM32CubeIDE/plugins/com.st.stm32cube.ide.mcu.externaltools.gnu-tools-for-stm32.13.3.rel1.win32_1.0.0.202411081344/tools/bin/../lib/gcc/arm-none-eabi/13.3.1/../../../../arm-none-eabi/lib/thumb/v6-m/nofp\libm.a
END GROUP
START GROUP
LOAD M:/embedded/IDE/STM32CubeIDE_1.19.0/STM32CubeIDE/plugins/com.st.stm32cube.ide.mcu.externaltools.gnu-tools-for-stm32.13.3.rel1.win32_1.0.0.202411081344/tools/bin/../lib/gcc/arm-none-eabi/13.3.1/thumb/v6-m/nofp\libgcc.a
LOAD M:/embedded/IDE/STM32CubeIDE_1.19.0/STM32CubeIDE/plugins/com.st.stm32cube.ide.mcu.externaltools.gnu-tools-for-stm32.13.3.rel1.win32_1.0.0.202411081344/tools/bin/../lib/gcc/arm-none-eabi/13.3.1/../../../../arm-none-eabi/lib/thumb/v6-m/nofp\libc_nano.a
END GROUP
START GROUP
LOAD M:/embedded/IDE/STM32CubeIDE_1.19.0/STM32CubeIDE/plugins/com.st.stm32cube.ide.mcu.externaltools.gnu-tools-for-stm32.13.3.rel1.win32_1.0.0.202411081344/tools/bin/../lib/gcc/arm-none-eabi/13.3.1/thumb/v6-m/nofp\libgcc.a
LOAD M:/embedded/IDE/STM32CubeIDE_1.19.0/STM32CubeIDE/plugins/com.st.stm32cube.ide.mcu.externaltools.gnu-tools-for-stm32.13.3.rel1.win32_1.0.0.202411081344/tools/bin/../lib/gcc/arm-none-eabi/13.3.1/../../../../arm-none-eabi/lib/thumb/v6-m/nofp\libc_nano.a
LOAD M:/embedded/IDE/STM32CubeIDE_1.19.0/STM32CubeIDE/plugins/com.st.stm32cube.ide.mcu.externaltools.gnu-tools-for-stm32.13.3.rel1.win32_1.0.0.202411081344/tools/bin/../lib/gcc/arm-none-eabi/13.3.1/../../../../arm-none-eabi/lib/thumb/v6-m/nofp\libnosys.a
END GROUP
START GROUP
LOAD M:/embedded/IDE/STM32CubeIDE_1.19.0/STM32CubeIDE/plugins/com.st.stm32cube.ide.mcu.externaltools.gnu-tools-for-stm32.13.3.rel1.win32_1.0.0.202411081344/tools/bin/../lib/gcc/arm-none-eabi/13.3.1/thumb/v6-m/nofp\libgcc.a
LOAD M:/embedded/IDE/STM32CubeIDE_1.19.0/STM32CubeIDE/plugins/com.st.stm32cube.ide.mcu.externaltools.gnu-tools-for-stm32.13.3.rel1.win32_1.0.0.202411081344/tools/bin/../lib/gcc/arm-none-eabi/13.3.1/../../../../arm-none-eabi/lib/thumb/v6-m/nofp\libc_nano.a
LOAD M:/embedded/IDE/STM32CubeIDE_1.19.0/STM32CubeIDE/plugins/com.st.stm32cube.ide.mcu.externaltools.gnu-tools-for-stm32.13.3.rel1.win32_1.0.0.202411081344/tools/bin/../lib/gcc/arm-none-eabi/13.3.1/../../../../arm-none-eabi/lib/thumb/v6-m/nofp\libnosys.a
END GROUP
LOAD M:/embedded/IDE/STM32CubeIDE_1.19.0/STM32CubeIDE/plugins/com.st.stm32cube.ide.mcu.externaltools.gnu-tools-for-stm32.13.3.rel1.win32_1.0.0.202411081344/tools/bin/../lib/gcc/arm-none-eabi/13.3.1/thumb/v6-m/nofp/crtend.o
LOAD M:/embedded/IDE/STM32CubeIDE_1.19.0/STM32CubeIDE/plugins/com.st.stm32cube.ide.mcu.externaltools.gnu-tools-for-stm32.13.3.rel1.win32_1.0.0.202411081344/tools/bin/../lib/gcc/arm-none-eabi/13.3.1/thumb/v6-m/nofp/crtn.o
                0x20003000                        _estack = (ORIGIN (RAM) + LENGTH (RAM))
                0x00000200                        _Min_Heap_Size = 0x200
                0x00000400                        _Min_Stack_Size = 0x400

.isr_vector     0x08000000       0xb4
                0x08000000                        . = ALIGN (0x4)
 *(.isr_vector)
 .isr_vector    0x08000000       0xb4 ./Startup/startup_stm32c031c6tx.o
                0x08000000                g_pfnVectors
                0x080000b4                        . = ALIGN (0x4)

.text           0x080000b4      0x968
                0x080000b4                        . = ALIGN (0x4)
 *(.text)
 .text          0x080000b4       0x48 M:/embedded/IDE/STM32CubeIDE_1.19.0/STM32CubeIDE/plugins/com.st.stm32cube.ide.mcu.externaltools.gnu-tools-for-stm32.13.3.rel1.win32_1.0.0.202411081344/tools/bin/../lib/gcc/arm-none-eabi/13.3.1/thumb/v6-m/nofp/crtbegin.o
 .text          0x080000fc      0x2b4 M:/embedded/IDE/STM32CubeIDE_1.19.0/STM32CubeIDE/plugins/com.st.stm32cube.ide.mcu.externaltools.gnu-tools-for-stm32.13.3.rel1.win32_1.0.0.202411081344/tools/bin/../lib/gcc/arm-none-eabi/13.3.1/thumb/v6-m/nofp\libgcc.a(mulsf3.o)
                0x080000fc                __aeabi_fmul
 .text          0x080003b0       0xa0 M:/embedded/IDE/STM32CubeIDE_1.19.0/STM32CubeIDE/plugins/com.st.stm32cube.ide.mcu.externaltools.gnu-tools-for-stm32.13.3.rel1.win32_1.0.0.202411081344/tools/bin/../lib/gcc/arm-none-eabi/13.3.1/thumb/v6-m/nofp\libgcc.a(floatsisf.o)
                0x080003b0                __aeabi_i2f
 .text          0x08000450       0x3c M:/embedded/IDE/STM32CubeIDE_1.19.0/STM32CubeIDE/plugins/com.st.stm32cube.ide.mcu.externaltools.gnu-tools-for-stm32.13.3.rel1.win32_1.0.0.202411081344/tools/bin/../lib/gcc/arm-none-eabi/13.3.1/thumb/v6-m/nofp\libgcc.a(_clzsi2.o)
                0x08000450                __clzsi2
 *(.text*)
 .text.adxl_read
                0x0800048c       0x62 ./Src/adxl245.o
                0x0800048c                adxl_read
 .text.adxl_write
                0x080004ee       0x5e ./Src/adxl245.o
                0x080004ee                adxl_write
 .text.adxl_init
                0x0800054c       0x2a ./Src/adxl245.o
                0x0800054c                adxl_init
 *fill*         0x08000576        0x2 
 .text.main     0x08000578       0xd8 ./Src/main.o
                0x08000578                main
 .text.spi_gpio_init
                0x08000650      0x11c ./Src/spi.o
                0x08000650                spi_gpio_init
 .text.spi1_config
                0x0800076c       0xe8 ./Src/spi.o
                0x0800076c                spi1_config
 .text.spi1_transmit
                0x08000854       0x84 ./Src/spi.o
                0x08000854                spi1_transmit
 .text.spi1_receive
                0x080008d8       0x58 ./Src/spi.o
                0x080008d8                spi1_receive
 .text.cs_enable
                0x08000930       0x1c ./Src/spi.o
                0x08000930                cs_enable
 .text.cs_disable
                0x0800094c       0x1c ./Src/spi.o
                0x0800094c                cs_disable
 .text.Reset_Handler
                0x08000968       0x50 ./Startup/startup_stm32c031c6tx.o
                0x08000968                Reset_Handler
 .text.Default_Handler
                0x080009b8        0x2 ./Startup/startup_stm32c031c6tx.o
                0x080009b8                TIM1_CC_IRQHandler
                0x080009b8                HardFault_Handler
                0x080009b8                SysTick_Handler
                0x080009b8                PendSV_Handler
                0x080009b8                NMI_Handler
                0x080009b8                EXTI2_3_IRQHandler
                0x080009b8                TIM17_IRQHandler
                0x080009b8                RTC_IRQHandler
                0x080009b8                SPI_IRQHandler
                0x080009b8                DMAMUX_DMA1_Channel4_5_IRQHandler
                0x080009b8                TIM16_IRQHandler
                0x080009b8                TIM3_IRQHandler
                0x080009b8                EXTI4_15_IRQHandler
                0x080009b8                RCC_IRQHandler
                0x080009b8                DMA1_Channel1_IRQHandler
                0x080009b8                Default_Handler
                0x080009b8                TIM14_IRQHandler
                0x080009b8                ADC_IRQHandler
                0x080009b8                EXTI0_1_IRQHandler
                0x080009b8                I2C_IRQHandler
                0x080009b8                SVC_Handler
                0x080009b8                PVM_IRQHandler
                0x080009b8                WWDG_IRQHandler
                0x080009b8                DMA1_Channel2_3_IRQHandler
                0x080009b8                USART2_IRQHandler
                0x080009b8                FLASH_IRQHandler
                0x080009b8                USART1_IRQHandler
                0x080009b8                TIM1_BRK_UP_TRG_COM_IRQHandler
 *fill*         0x080009ba        0x2 
 .text.__libc_init_array
                0x080009bc       0x48 M:/embedded/IDE/STM32CubeIDE_1.19.0/STM32CubeIDE/plugins/com.st.stm32cube.ide.mcu.externaltools.gnu-tools-for-stm32.13.3.rel1.win32_1.0.0.202411081344/tools/bin/../lib/gcc/arm-none-eabi/13.3.1/../../../../arm-none-eabi/lib/thumb/v6-m/nofp\libc_nano.a(libc_a-init.o)
                0x080009bc                __libc_init_array
 *(.glue_7)
 .glue_7        0x08000a04        0x0 linker stubs
 *(.glue_7t)
 .glue_7t       0x08000a04        0x0 linker stubs
 *(.eh_frame)
 .eh_frame      0x08000a04        0x0 M:/embedded/IDE/STM32CubeIDE_1.19.0/STM32CubeIDE/plugins/com.st.stm32cube.ide.mcu.externaltools.gnu-tools-for-stm32.13.3.rel1.win32_1.0.0.202411081344/tools/bin/../lib/gcc/arm-none-eabi/13.3.1/thumb/v6-m/nofp/crtbegin.o
 *(.init)
 .init          0x08000a04        0x4 M:/embedded/IDE/STM32CubeIDE_1.19.0/STM32CubeIDE/plugins/com.st.stm32cube.ide.mcu.externaltools.gnu-tools-for-stm32.13.3.rel1.win32_1.0.0.202411081344/tools/bin/../lib/gcc/arm-none-eabi/13.3.1/thumb/v6-m/nofp/crti.o
                0x08000a04                _init
 .init          0x08000a08        0x8 M:/embedded/IDE/STM32CubeIDE_1.19.0/STM32CubeIDE/plugins/com.st.stm32cube.ide.mcu.externaltools.gnu-tools-for-stm32.13.3.rel1.win32_1.0.0.202411081344/tools/bin/../lib/gcc/arm-none-eabi/13.3.1/thumb/v6-m/nofp/crtn.o
 *(.fini)
 .fini          0x08000a10        0x4 M:/embedded/IDE/STM32CubeIDE_1.19.0/STM32CubeIDE/plugins/com.st.stm32cube.ide.mcu.externaltools.gnu-tools-for-stm32.13.3.rel1.win32_1.0.0.202411081344/tools/bin/../lib/gcc/arm-none-eabi/13.3.1/thumb/v6-m/nofp/crti.o
                0x08000a10                _fini
 .fini          0x08000a14        0x8 M:/embedded/IDE/STM32CubeIDE_1.19.0/STM32CubeIDE/plugins/com.st.stm32cube.ide.mcu.externaltools.gnu-tools-for-stm32.13.3.rel1.win32_1.0.0.202411081344/tools/bin/../lib/gcc/arm-none-eabi/13.3.1/thumb/v6-m/nofp/crtn.o
                0x08000a1c                        . = ALIGN (0x4)
                0x08000a1c                        _etext = .

.vfp11_veneer   0x08000a1c        0x0
 .vfp11_veneer  0x08000a1c        0x0 linker stubs

.v4_bx          0x08000a1c        0x0
 .v4_bx         0x08000a1c        0x0 linker stubs

.iplt           0x08000a1c        0x0
 .iplt          0x08000a1c        0x0 M:/embedded/IDE/STM32CubeIDE_1.19.0/STM32CubeIDE/plugins/com.st.stm32cube.ide.mcu.externaltools.gnu-tools-for-stm32.13.3.rel1.win32_1.0.0.202411081344/tools/bin/../lib/gcc/arm-none-eabi/13.3.1/thumb/v6-m/nofp/crtbegin.o

.rodata         0x08000a1c        0x0
                0x08000a1c                        . = ALIGN (0x4)
 *(.rodata)
 *(.rodata*)
                0x08000a1c                        . = ALIGN (0x4)

.ARM.extab      0x08000a1c        0x0
                0x08000a1c                        . = ALIGN (0x4)
 *(.ARM.extab* .gnu.linkonce.armextab.*)
                0x08000a1c                        . = ALIGN (0x4)

.ARM            0x08000a1c        0x0
                0x08000a1c                        . = ALIGN (0x4)
                0x08000a1c                        __exidx_start = .
 *(.ARM.exidx*)
                0x08000a1c                        __exidx_end = .
                0x08000a1c                        . = ALIGN (0x4)

.preinit_array  0x08000a1c        0x0
                0x08000a1c                        . = ALIGN (0x4)
                0x08000a1c                        PROVIDE (__preinit_array_start = .)
 *(.preinit_array*)
                0x08000a1c                        PROVIDE (__preinit_array_end = .)
                0x08000a1c                        . = ALIGN (0x4)

.init_array     0x08000a1c        0x4
                0x08000a1c                        . = ALIGN (0x4)
                0x08000a1c                        PROVIDE (__init_array_start = .)
 *(SORT_BY_NAME(.init_array.*))
 *(.init_array*)
 .init_array    0x08000a1c        0x4 M:/embedded/IDE/STM32CubeIDE_1.19.0/STM32CubeIDE/plugins/com.st.stm32cube.ide.mcu.externaltools.gnu-tools-for-stm32.13.3.rel1.win32_1.0.0.202411081344/tools/bin/../lib/gcc/arm-none-eabi/13.3.1/thumb/v6-m/nofp/crtbegin.o
                0x08000a20                        PROVIDE (__init_array_end = .)
                0x08000a20                        . = ALIGN (0x4)

.fini_array     0x08000a20        0x4
                0x08000a20                        . = ALIGN (0x4)
                [!provide]                        PROVIDE (__fini_array_start = .)
 *(SORT_BY_NAME(.fini_array.*))
 *(.fini_array*)
 .fini_array    0x08000a20        0x4 M:/embedded/IDE/STM32CubeIDE_1.19.0/STM32CubeIDE/plugins/com.st.stm32cube.ide.mcu.externaltools.gnu-tools-for-stm32.13.3.rel1.win32_1.0.0.202411081344/tools/bin/../lib/gcc/arm-none-eabi/13.3.1/thumb/v6-m/nofp/crtbegin.o
                [!provide]                        PROVIDE (__fini_array_end = .)
                0x08000a24                        . = ALIGN (0x4)
                0x08000a24                        _sidata = LOADADDR (.data)

.rel.dyn        0x08000a24        0x0
 .rel.iplt      0x08000a24        0x0 M:/embedded/IDE/STM32CubeIDE_1.19.0/STM32CubeIDE/plugins/com.st.stm32cube.ide.mcu.externaltools.gnu-tools-for-stm32.13.3.rel1.win32_1.0.0.202411081344/tools/bin/../lib/gcc/arm-none-eabi/13.3.1/thumb/v6-m/nofp/crtbegin.o

.data           0x20000000        0x0 load address 0x08000a24
                0x20000000                        . = ALIGN (0x4)
                0x20000000                        _sdata = .
 *(.data)
 *(.data*)
 *(.RamFunc)
 *(.RamFunc*)
                0x20000000                        . = ALIGN (0x4)
                0x20000000                        _edata = .

.igot.plt       0x20000000        0x0 load address 0x08000a24
 .igot.plt      0x20000000        0x0 M:/embedded/IDE/STM32CubeIDE_1.19.0/STM32CubeIDE/plugins/com.st.stm32cube.ide.mcu.externaltools.gnu-tools-for-stm32.13.3.rel1.win32_1.0.0.202411081344/tools/bin/../lib/gcc/arm-none-eabi/13.3.1/thumb/v6-m/nofp/crtbegin.o
                0x20000000                        . = ALIGN (0x4)

.bss            0x20000000       0x38 load address 0x08000a24
                0x20000000                        _sbss = .
                0x20000000                        __bss_start__ = _sbss
 *(.bss)
 .bss           0x20000000       0x1c M:/embedded/IDE/STM32CubeIDE_1.19.0/STM32CubeIDE/plugins/com.st.stm32cube.ide.mcu.externaltools.gnu-tools-for-stm32.13.3.rel1.win32_1.0.0.202411081344/tools/bin/../lib/gcc/arm-none-eabi/13.3.1/thumb/v6-m/nofp/crtbegin.o
 *(.bss*)
 .bss.x         0x2000001c        0x2 ./Src/main.o
                0x2000001c                x
 .bss.y         0x2000001e        0x2 ./Src/main.o
                0x2000001e                y
 .bss.z         0x20000020        0x2 ./Src/main.o
                0x20000020                z
 *fill*         0x20000022        0x2 
 .bss.xg        0x20000024        0x4 ./Src/main.o
                0x20000024                xg
 .bss.yg        0x20000028        0x4 ./Src/main.o
                0x20000028                yg
 .bss.zg        0x2000002c        0x4 ./Src/main.o
                0x2000002c                zg
 .bss.data_vals
                0x20000030        0x6 ./Src/main.o
                0x20000030                data_vals
 *(COMMON)
                0x20000038                        . = ALIGN (0x4)
 *fill*         0x20000036        0x2 
                0x20000038                        _ebss = .
                0x20000038                        __bss_end__ = _ebss

._user_heap_stack
                0x20000038      0x600 load address 0x08000a24
                0x20000038                        . = ALIGN (0x8)
                [!provide]                        PROVIDE (end = .)
                0x20000038                        PROVIDE (_end = .)
                0x20000238                        . = (. + _Min_Heap_Size)
 *fill*         0x20000038      0x200 
                0x20000638                        . = (. + _Min_Stack_Size)
 *fill*         0x20000238      0x400 
                0x20000638                        . = ALIGN (0x8)

/DISCARD/
 libc.a(*)
 libm.a(*)
 libgcc.a(*)

.ARM.attributes
                0x00000000       0x28
 *(.ARM.attributes)
 .ARM.attributes
                0x00000000       0x1e M:/embedded/IDE/STM32CubeIDE_1.19.0/STM32CubeIDE/plugins/com.st.stm32cube.ide.mcu.externaltools.gnu-tools-for-stm32.13.3.rel1.win32_1.0.0.202411081344/tools/bin/../lib/gcc/arm-none-eabi/13.3.1/thumb/v6-m/nofp/crti.o
 .ARM.attributes
                0x0000001e       0x2c M:/embedded/IDE/STM32CubeIDE_1.19.0/STM32CubeIDE/plugins/com.st.stm32cube.ide.mcu.externaltools.gnu-tools-for-stm32.13.3.rel1.win32_1.0.0.202411081344/tools/bin/../lib/gcc/arm-none-eabi/13.3.1/thumb/v6-m/nofp/crtbegin.o
 .ARM.attributes
                0x0000004a       0x2c ./Src/adxl245.o
 .ARM.attributes
                0x00000076       0x2c ./Src/main.o
 .ARM.attributes
                0x000000a2       0x2c ./Src/spi.o
 .ARM.attributes
                0x000000ce       0x22 ./Startup/startup_stm32c031c6tx.o
 .ARM.attributes
                0x000000f0       0x2c M:/embedded/IDE/STM32CubeIDE_1.19.0/STM32CubeIDE/plugins/com.st.stm32cube.ide.mcu.externaltools.gnu-tools-for-stm32.13.3.rel1.win32_1.0.0.202411081344/tools/bin/../lib/gcc/arm-none-eabi/13.3.1/../../../../arm-none-eabi/lib/thumb/v6-m/nofp\libc_nano.a(libc_a-init.o)
 .ARM.attributes
                0x0000011c       0x2c M:/embedded/IDE/STM32CubeIDE_1.19.0/STM32CubeIDE/plugins/com.st.stm32cube.ide.mcu.externaltools.gnu-tools-for-stm32.13.3.rel1.win32_1.0.0.202411081344/tools/bin/../lib/gcc/arm-none-eabi/13.3.1/thumb/v6-m/nofp\libgcc.a(mulsf3.o)
 .ARM.attributes
                0x00000148       0x2c M:/embedded/IDE/STM32CubeIDE_1.19.0/STM32CubeIDE/plugins/com.st.stm32cube.ide.mcu.externaltools.gnu-tools-for-stm32.13.3.rel1.win32_1.0.0.202411081344/tools/bin/../lib/gcc/arm-none-eabi/13.3.1/thumb/v6-m/nofp\libgcc.a(floatsisf.o)
 .ARM.attributes
                0x00000174       0x1e M:/embedded/IDE/STM32CubeIDE_1.19.0/STM32CubeIDE/plugins/com.st.stm32cube.ide.mcu.externaltools.gnu-tools-for-stm32.13.3.rel1.win32_1.0.0.202411081344/tools/bin/../lib/gcc/arm-none-eabi/13.3.1/thumb/v6-m/nofp\libgcc.a(_clzsi2.o)
 .ARM.attributes
                0x00000192       0x1e M:/embedded/IDE/STM32CubeIDE_1.19.0/STM32CubeIDE/plugins/com.st.stm32cube.ide.mcu.externaltools.gnu-tools-for-stm32.13.3.rel1.win32_1.0.0.202411081344/tools/bin/../lib/gcc/arm-none-eabi/13.3.1/thumb/v6-m/nofp/crtn.o
OUTPUT(18_I2C_accelerometer_spi.elf elf32-littlearm)
LOAD linker stubs
LOAD M:/embedded/IDE/STM32CubeIDE_1.19.0/STM32CubeIDE/plugins/com.st.stm32cube.ide.mcu.externaltools.gnu-tools-for-stm32.13.3.rel1.win32_1.0.0.202411081344/tools/bin/../lib/gcc/arm-none-eabi/13.3.1/../../../../arm-none-eabi/lib/thumb/v6-m/nofp\libc.a
LOAD M:/embedded/IDE/STM32CubeIDE_1.19.0/STM32CubeIDE/plugins/com.st.stm32cube.ide.mcu.externaltools.gnu-tools-for-stm32.13.3.rel1.win32_1.0.0.202411081344/tools/bin/../lib/gcc/arm-none-eabi/13.3.1/../../../../arm-none-eabi/lib/thumb/v6-m/nofp\libm.a
LOAD M:/embedded/IDE/STM32CubeIDE_1.19.0/STM32CubeIDE/plugins/com.st.stm32cube.ide.mcu.externaltools.gnu-tools-for-stm32.13.3.rel1.win32_1.0.0.202411081344/tools/bin/../lib/gcc/arm-none-eabi/13.3.1/thumb/v6-m/nofp\libgcc.a

.debug_info     0x00000000      0x6fb
 .debug_info    0x00000000      0x19b ./Src/adxl245.o
 .debug_info    0x0000019b      0x170 ./Src/main.o
 .debug_info    0x0000030b      0x3c0 ./Src/spi.o
 .debug_info    0x000006cb       0x30 ./Startup/startup_stm32c031c6tx.o

.debug_abbrev   0x00000000      0x306
 .debug_abbrev  0x00000000      0x10a ./Src/adxl245.o
 .debug_abbrev  0x0000010a       0xc7 ./Src/main.o
 .debug_abbrev  0x000001d1      0x111 ./Src/spi.o
 .debug_abbrev  0x000002e2       0x24 ./Startup/startup_stm32c031c6tx.o

.debug_aranges  0x00000000       0xc0
 .debug_aranges
                0x00000000       0x30 ./Src/adxl245.o
 .debug_aranges
                0x00000030       0x20 ./Src/main.o
 .debug_aranges
                0x00000050       0x48 ./Src/spi.o
 .debug_aranges
                0x00000098       0x28 ./Startup/startup_stm32c031c6tx.o

.debug_rnglists
                0x00000000       0x80
 .debug_rnglists
                0x00000000       0x1f ./Src/adxl245.o
 .debug_rnglists
                0x0000001f       0x14 ./Src/main.o
 .debug_rnglists
                0x00000033       0x34 ./Src/spi.o
 .debug_rnglists
                0x00000067       0x19 ./Startup/startup_stm32c031c6tx.o

.debug_macro    0x00000000      0xef0
 .debug_macro   0x00000000       0xe8 ./Src/adxl245.o
 .debug_macro   0x000000e8       0x34 ./Src/adxl245.o
 .debug_macro   0x0000011c      0x1d6 ./Src/main.o
 .debug_macro   0x000002f2       0x61 ./Src/main.o
 .debug_macro   0x00000353       0x24 ./Src/main.o
 .debug_macro   0x00000377       0x43 ./Src/main.o
 .debug_macro   0x000003ba       0x34 ./Src/main.o
 .debug_macro   0x000003ee       0x16 ./Src/main.o
 .debug_macro   0x00000404       0x9e ./Src/main.o
 .debug_macro   0x000004a2      0x370 ./Src/main.o
 .debug_macro   0x00000812      0x112 ./Src/main.o
 .debug_macro   0x00000924       0x10 ./Src/main.o
 .debug_macro   0x00000934       0x16 ./Src/main.o
 .debug_macro   0x0000094a       0x4a ./Src/main.o
 .debug_macro   0x00000994       0x34 ./Src/main.o
 .debug_macro   0x000009c8       0x10 ./Src/main.o
 .debug_macro   0x000009d8       0x58 ./Src/main.o
 .debug_macro   0x00000a30       0x8e ./Src/main.o
 .debug_macro   0x00000abe       0x1c ./Src/main.o
 .debug_macro   0x00000ada      0x185 ./Src/main.o
 .debug_macro   0x00000c5f       0x16 ./Src/main.o
 .debug_macro   0x00000c75       0x16 ./Src/main.o
 .debug_macro   0x00000c8b      0x146 ./Src/main.o
 .debug_macro   0x00000dd1       0x16 ./Src/main.o
 .debug_macro   0x00000de7      0x109 ./Src/spi.o

.debug_line     0x00000000     0x1547
 .debug_line    0x00000000      0x59b ./Src/adxl245.o
 .debug_line    0x0000059b      0x7ea ./Src/main.o
 .debug_line    0x00000d85      0x747 ./Src/spi.o
 .debug_line    0x000014cc       0x7b ./Startup/startup_stm32c031c6tx.o

.debug_str      0x00000000    0x3fd2c
 .debug_str     0x00000000    0x3fd2c ./Src/adxl245.o
                              0x3c155 (size before relaxing)
 .debug_str     0x0003fd2c    0x3fc1c ./Src/main.o
 .debug_str     0x0003fd2c    0x3c244 ./Src/spi.o
 .debug_str     0x0003fd2c       0x71 ./Startup/startup_stm32c031c6tx.o

.comment        0x00000000       0x43
 .comment       0x00000000       0x43 ./Src/adxl245.o
                                 0x44 (size before relaxing)
 .comment       0x00000043       0x44 ./Src/main.o
 .comment       0x00000043       0x44 ./Src/spi.o

.debug_frame    0x00000000      0x1e8
 .debug_frame   0x00000000       0x6c ./Src/adxl245.o
 .debug_frame   0x0000006c       0x2c ./Src/main.o
 .debug_frame   0x00000098       0xc0 ./Src/spi.o
 .debug_frame   0x00000158       0x2c M:/embedded/IDE/STM32CubeIDE_1.19.0/STM32CubeIDE/plugins/com.st.stm32cube.ide.mcu.externaltools.gnu-tools-for-stm32.13.3.rel1.win32_1.0.0.202411081344/tools/bin/../lib/gcc/arm-none-eabi/13.3.1/../../../../arm-none-eabi/lib/thumb/v6-m/nofp\libc_nano.a(libc_a-init.o)
 .debug_frame   0x00000184       0x38 M:/embedded/IDE/STM32CubeIDE_1.19.0/STM32CubeIDE/plugins/com.st.stm32cube.ide.mcu.externaltools.gnu-tools-for-stm32.13.3.rel1.win32_1.0.0.202411081344/tools/bin/../lib/gcc/arm-none-eabi/13.3.1/thumb/v6-m/nofp\libgcc.a(mulsf3.o)
 .debug_frame   0x000001bc       0x2c M:/embedded/IDE/STM32CubeIDE_1.19.0/STM32CubeIDE/plugins/com.st.stm32cube.ide.mcu.externaltools.gnu-tools-for-stm32.13.3.rel1.win32_1.0.0.202411081344/tools/bin/../lib/gcc/arm-none-eabi/13.3.1/thumb/v6-m/nofp\libgcc.a(floatsisf.o)

.debug_line_str
                0x00000000       0x55
 .debug_line_str
                0x00000000       0x55 ./Startup/startup_stm32c031c6tx.o
