01:38:26 **** Incremental Build of configuration Debug for project 3_UART ****
make -j16 all 
arm-none-eabi-gcc "../Src/main.c" -mcpu=cortex-m0plus -std=gnu11 -g3 -DDEBUG -DNUCLEO_C031C6 -DSTM32 -DSTM32C0 -DSTM32C031C6Tx -DSTM32C031xx -c -I../Inc -I"M:/embedded/stm32C/workbench/chip_headers/CMSIS/Device/ST/STM32C0xx/Include" -I"M:/embedded/stm32C/workbench/chip_headers/CMSIS/Include" -O0 -ffunction-sections -fdata-sections -Wall -fstack-usage -fcyclomatic-complexity -MMD -MP -MF"Src/main.d" -MT"Src/main.o" --specs=nano.specs -mfloat-abi=soft -mthumb -o "Src/main.o"
arm-none-eabi-gcc -o "3_UART.elf" @"objects.list"   -mcpu=cortex-m0plus -T"M:\embedded\stm32C\workbench\3_UART\STM32C031C6TX_FLASH.ld" --specs=nosys.specs -Wl,-Map="3_UART.map" -Wl,--gc-sections -static --specs=nano.specs -mfloat-abi=soft -mthumb -Wl,--start-group -lc -lm -Wl,--end-group
Finished building target: 3_UART.elf
 
arm-none-eabi-size  3_UART.elf 
arm-none-eabi-objdump -h -S 3_UART.elf  > "3_UART.list"
   text	   data	    bss	    dec	    hex	filename
   1032	      0	   1568	   2600	    a28	3_UART.elf
Finished building: default.size.stdout
 
Finished building: 3_UART.list
 

01:38:26 Build Finished. 0 errors, 0 warnings. (took 509ms)

