14:03:57 **** Incremental Build of configuration Debug for project 15_Timer_interrupt ****
make -j16 all 
arm-none-eabi-gcc "../Src/main.c" -mcpu=cortex-m0plus -std=gnu11 -g3 -DDEBUG -DNUCLEO_C031C6 -DSTM32 -DSTM32C0 -DSTM32C031C6Tx -DSTM32C031xx -c -I../Inc -I"M:/embedded/stm32C/workbench/chip_headers/CMSIS/Device/ST/STM32C0xx/Include" -I"M:/embedded/stm32C/workbench/chip_headers/CMSIS/Include" -O0 -ffunction-sections -fdata-sections -Wall -fstack-usage -fcyclomatic-complexity -MMD -MP -MF"Src/main.d" -MT"Src/main.o" --specs=nano.specs -mfloat-abi=soft -mthumb -o "Src/main.o"
arm-none-eabi-gcc -o "15_Timer_interrupt.elf" @"objects.list"   -mcpu=cortex-m0plus -T"M:\embedded\stm32C\workbench\15_Timer_interrupt\STM32C031C6TX_FLASH.ld" --specs=nosys.specs -Wl,-Map="15_Timer_interrupt.map" -Wl,--gc-sections -static --specs=nano.specs -mfloat-abi=soft -mthumb -Wl,--start-group -lc -lm -Wl,--end-group
Finished building target: 15_Timer_interrupt.elf
 
arm-none-eabi-size  15_Timer_interrupt.elf 
arm-none-eabi-objdump -h -S 15_Timer_interrupt.elf  > "15_Timer_interrupt.list"
   text	   data	    bss	    dec	    hex	filename
    688	      0	   1568	   2256	    8d0	15_Timer_interrupt.elf
Finished building: default.size.stdout
 
Finished building: 15_Timer_interrupt.list
 
14:04:04 **** Incremental Build of configuration Debug for project 15_Timer_interrupt ****
make -j16 all 
arm-none-eabi-size  15_Timer_interrupt.elf 
   text	   data	    bss	    dec	    hex	filename
    688	      0	   1568	   2256	    8d0	15_Timer_interrupt.elf
Finished building: default.size.stdout
 
