13:51:06 **** Build of configuration Debug for project 14_Systick_interrupt ****
make -j16 all 
arm-none-eabi-gcc "../Src/main.c" -mcpu=cortex-m0plus -std=gnu11 -g3 -DDEBUG -DNUCLEO_C031C6 -DSTM32 -DSTM32C0 -DSTM32C031C6Tx -DSTM32C031xx -c -I../Inc -I"M:/embedded/stm32C/workbench/chip_headers/CMSIS/Device/ST/STM32C0xx/Include" -I"M:/embedded/stm32C/workbench/chip_headers/CMSIS/Include" -O0 -ffunction-sections -fdata-sections -Wall -fstack-usage -fcyclomatic-complexity -MMD -MP -MF"Src/main.d" -MT"Src/main.o" --specs=nano.specs -mfloat-abi=soft -mthumb -o "Src/main.o"
arm-none-eabi-gcc "../Src/systick.c" -mcpu=cortex-m0plus -std=gnu11 -g3 -DDEBUG -DNUCLEO_C031C6 -DSTM32 -DSTM32C0 -DSTM32C031C6Tx -DSTM32C031xx -c -I../Inc -I"M:/embedded/stm32C/workbench/chip_headers/CMSIS/Device/ST/STM32C0xx/Include" -I"M:/embedded/stm32C/workbench/chip_headers/CMSIS/Include" -O0 -ffunction-sections -fdata-sections -Wall -fstack-usage -fcyclomatic-complexity -MMD -MP -MF"Src/systick.d" -MT"Src/systick.o" --specs=nano.specs -mfloat-abi=soft -mthumb -o "Src/systick.o"
arm-none-eabi-gcc -o "14_Systick_interrupt.elf" @"objects.list"   -mcpu=cortex-m0plus -T"M:\embedded\stm32C\workbench\14_Systick_interrupt\STM32C031C6TX_FLASH.ld" --specs=nosys.specs -Wl,-Map="14_Systick_interrupt.map" -Wl,--gc-sections -static --specs=nano.specs -mfloat-abi=soft -mthumb -Wl,--start-group -lc -lm -Wl,--end-group
Finished building target: 14_Systick_interrupt.elf
 
arm-none-eabi-size  14_Systick_interrupt.elf 
arm-none-eabi-objdump -h -S 14_Systick_interrupt.elf  > "14_Systick_interrupt.list"
   text	   data	    bss	    dec	    hex	filename
   5300	     92	   1900	   7292	   1c7c	14_Systick_interrupt.elf
Finished building: default.size.stdout
 
Finished building: 14_Systick_interrupt.list
 
13:51:21 **** Incremental Build of configuration Debug for project 14_Systick_interrupt ****
make -j16 all 
arm-none-eabi-size  14_Systick_interrupt.elf 
   text	   data	    bss	    dec	    hex	filename
   5300	     92	   1900	   7292	   1c7c	14_Systick_interrupt.elf
Finished building: default.size.stdout
 
